Copyright 1986-2022 Xilinx, Inc. All Rights Reserved. Copyright 2022-2025 Advanced Micro Devices, Inc. All Rights Reserved.
------------------------------------------------------------------------------------------------------------------------------------------------------------------------------
| Tool Version : Vivado v.2025.1 (win64) Build 6140274 Thu May 22 00:12:29 MDT 2025
| Date         : Wed Mar 11 03:23:17 2026
| Host         : Gaurav running 64-bit major release  (build 9200)
| Command      : report_timing_summary -delay_type max -check_timing_verbose -file C:/Users/gt111/Desktop/Self-Healing_Digital_Circuit/synth/reports/alu_array_tmr/timing.rpt
| Design       : alu_array_tmr
| Device       : 7a35t-cpg236
| Speed File   : -1  PRODUCTION 1.23 2018-06-13
| Design State : Routed
------------------------------------------------------------------------------------------------------------------------------------------------------------------------------

Timing Summary Report

------------------------------------------------------------------------------------------------
| Timer Settings
| --------------
------------------------------------------------------------------------------------------------

  Enable Multi Corner Analysis               :  Yes
  Enable Pessimism Removal                   :  Yes
  Pessimism Removal Resolution               :  Nearest Common Node
  Enable Input Delay Default Clock           :  No
  Enable Preset / Clear Arcs                 :  No
  Disable Flight Delays                      :  No
  Ignore I/O Paths                           :  No
  Timing Early Launch at Borrowing Latches   :  No
  Borrow Time for Max Delay Exceptions       :  Yes
  Merge Timing Exceptions                    :  Yes
  Inter-SLR Compensation                     :  Conservative

  Corner  Analyze    Analyze    
  Name    Max Paths  Min Paths  
  ------  ---------  ---------  
  Slow    Yes        Yes        
  Fast    Yes        Yes        


------------------------------------------------------------------------------------------------
| Report Methodology
| ------------------
------------------------------------------------------------------------------------------------

No report available as report_methodology has not been run prior. Run report_methodology on the current design for the summary of methodology violations.



check_timing report

Table of Contents
-----------------
1. checking no_clock (0)
2. checking constant_clock (0)
3. checking pulse_width_clock (0)
4. checking unconstrained_internal_endpoints (0)
5. checking no_input_delay (609)
6. checking no_output_delay (320)
7. checking multiple_clock (0)
8. checking generated_clocks (0)
9. checking loops (0)
10. checking partial_input_delay (0)
11. checking partial_output_delay (0)
12. checking latch_loops (0)

1. checking no_clock (0)
------------------------
 There are 0 register/latch pins with no clock.


2. checking constant_clock (0)
------------------------------
 There are 0 register/latch pins with constant_clock.


3. checking pulse_width_clock (0)
---------------------------------
 There are 0 register/latch pins which need pulse_width check


4. checking unconstrained_internal_endpoints (0)
------------------------------------------------
 There are 0 pins that are not constrained for maximum delay.

 There are 0 pins that are not constrained for maximum delay due to constant clock.


5. checking no_input_delay (609)
--------------------------------
 There are 609 input ports with no input delay specified. (HIGH)

a_flat[0]
a_flat[100]
a_flat[101]
a_flat[102]
a_flat[103]
a_flat[104]
a_flat[105]
a_flat[106]
a_flat[107]
a_flat[108]
a_flat[109]
a_flat[10]
a_flat[110]
a_flat[111]
a_flat[112]
a_flat[113]
a_flat[114]
a_flat[115]
a_flat[116]
a_flat[117]
a_flat[118]
a_flat[119]
a_flat[11]
a_flat[120]
a_flat[121]
a_flat[122]
a_flat[123]
a_flat[124]
a_flat[125]
a_flat[126]
a_flat[127]
a_flat[128]
a_flat[129]
a_flat[12]
a_flat[130]
a_flat[131]
a_flat[132]
a_flat[133]
a_flat[134]
a_flat[135]
a_flat[136]
a_flat[137]
a_flat[138]
a_flat[139]
a_flat[13]
a_flat[140]
a_flat[141]
a_flat[142]
a_flat[143]
a_flat[144]
a_flat[145]
a_flat[146]
a_flat[147]
a_flat[148]
a_flat[149]
a_flat[14]
a_flat[150]
a_flat[151]
a_flat[152]
a_flat[153]
a_flat[154]
a_flat[155]
a_flat[156]
a_flat[157]
a_flat[158]
a_flat[159]
a_flat[15]
a_flat[160]
a_flat[161]
a_flat[162]
a_flat[163]
a_flat[164]
a_flat[165]
a_flat[166]
a_flat[167]
a_flat[168]
a_flat[169]
a_flat[16]
a_flat[170]
a_flat[171]
a_flat[172]
a_flat[173]
a_flat[174]
a_flat[175]
a_flat[176]
a_flat[177]
a_flat[178]
a_flat[179]
a_flat[17]
a_flat[180]
a_flat[181]
a_flat[182]
a_flat[183]
a_flat[184]
a_flat[185]
a_flat[186]
a_flat[187]
a_flat[188]
a_flat[189]
a_flat[18]
a_flat[190]
a_flat[191]
a_flat[192]
a_flat[193]
a_flat[194]
a_flat[195]
a_flat[196]
a_flat[197]
a_flat[198]
a_flat[199]
a_flat[19]
a_flat[1]
a_flat[200]
a_flat[201]
a_flat[202]
a_flat[203]
a_flat[204]
a_flat[205]
a_flat[206]
a_flat[207]
a_flat[208]
a_flat[209]
a_flat[20]
a_flat[210]
a_flat[211]
a_flat[212]
a_flat[213]
a_flat[214]
a_flat[215]
a_flat[216]
a_flat[217]
a_flat[218]
a_flat[219]
a_flat[21]
a_flat[220]
a_flat[221]
a_flat[222]
a_flat[223]
a_flat[224]
a_flat[225]
a_flat[226]
a_flat[227]
a_flat[228]
a_flat[229]
a_flat[22]
a_flat[230]
a_flat[231]
a_flat[232]
a_flat[233]
a_flat[234]
a_flat[235]
a_flat[236]
a_flat[237]
a_flat[238]
a_flat[239]
a_flat[23]
a_flat[240]
a_flat[241]
a_flat[242]
a_flat[243]
a_flat[244]
a_flat[245]
a_flat[246]
a_flat[247]
a_flat[248]
a_flat[249]
a_flat[24]
a_flat[250]
a_flat[251]
a_flat[252]
a_flat[253]
a_flat[254]
a_flat[255]
a_flat[25]
a_flat[26]
a_flat[27]
a_flat[28]
a_flat[29]
a_flat[2]
a_flat[30]
a_flat[31]
a_flat[32]
a_flat[33]
a_flat[34]
a_flat[35]
a_flat[36]
a_flat[37]
a_flat[38]
a_flat[39]
a_flat[3]
a_flat[40]
a_flat[41]
a_flat[42]
a_flat[43]
a_flat[44]
a_flat[45]
a_flat[46]
a_flat[47]
a_flat[48]
a_flat[49]
a_flat[4]
a_flat[50]
a_flat[51]
a_flat[52]
a_flat[53]
a_flat[54]
a_flat[55]
a_flat[56]
a_flat[57]
a_flat[58]
a_flat[59]
a_flat[5]
a_flat[60]
a_flat[61]
a_flat[62]
a_flat[63]
a_flat[64]
a_flat[65]
a_flat[66]
a_flat[67]
a_flat[68]
a_flat[69]
a_flat[6]
a_flat[70]
a_flat[71]
a_flat[72]
a_flat[73]
a_flat[74]
a_flat[75]
a_flat[76]
a_flat[77]
a_flat[78]
a_flat[79]
a_flat[7]
a_flat[80]
a_flat[81]
a_flat[82]
a_flat[83]
a_flat[84]
a_flat[85]
a_flat[86]
a_flat[87]
a_flat[88]
a_flat[89]
a_flat[8]
a_flat[90]
a_flat[91]
a_flat[92]
a_flat[93]
a_flat[94]
a_flat[95]
a_flat[96]
a_flat[97]
a_flat[98]
a_flat[99]
a_flat[9]
b_flat[0]
b_flat[100]
b_flat[101]
b_flat[102]
b_flat[103]
b_flat[104]
b_flat[105]
b_flat[106]
b_flat[107]
b_flat[108]
b_flat[109]
b_flat[10]
b_flat[110]
b_flat[111]
b_flat[112]
b_flat[113]
b_flat[114]
b_flat[115]
b_flat[116]
b_flat[117]
b_flat[118]
b_flat[119]
b_flat[11]
b_flat[120]
b_flat[121]
b_flat[122]
b_flat[123]
b_flat[124]
b_flat[125]
b_flat[126]
b_flat[127]
b_flat[128]
b_flat[129]
b_flat[12]
b_flat[130]
b_flat[131]
b_flat[132]
b_flat[133]
b_flat[134]
b_flat[135]
b_flat[136]
b_flat[137]
b_flat[138]
b_flat[139]
b_flat[13]
b_flat[140]
b_flat[141]
b_flat[142]
b_flat[143]
b_flat[144]
b_flat[145]
b_flat[146]
b_flat[147]
b_flat[148]
b_flat[149]
b_flat[14]
b_flat[150]
b_flat[151]
b_flat[152]
b_flat[153]
b_flat[154]
b_flat[155]
b_flat[156]
b_flat[157]
b_flat[158]
b_flat[159]
b_flat[15]
b_flat[160]
b_flat[161]
b_flat[162]
b_flat[163]
b_flat[164]
b_flat[165]
b_flat[166]
b_flat[167]
b_flat[168]
b_flat[169]
b_flat[16]
b_flat[170]
b_flat[171]
b_flat[172]
b_flat[173]
b_flat[174]
b_flat[175]
b_flat[176]
b_flat[177]
b_flat[178]
b_flat[179]
b_flat[17]
b_flat[180]
b_flat[181]
b_flat[182]
b_flat[183]
b_flat[184]
b_flat[185]
b_flat[186]
b_flat[187]
b_flat[188]
b_flat[189]
b_flat[18]
b_flat[190]
b_flat[191]
b_flat[192]
b_flat[193]
b_flat[194]
b_flat[195]
b_flat[196]
b_flat[197]
b_flat[198]
b_flat[199]
b_flat[19]
b_flat[1]
b_flat[200]
b_flat[201]
b_flat[202]
b_flat[203]
b_flat[204]
b_flat[205]
b_flat[206]
b_flat[207]
b_flat[208]
b_flat[209]
b_flat[20]
b_flat[210]
b_flat[211]
b_flat[212]
b_flat[213]
b_flat[214]
b_flat[215]
b_flat[216]
b_flat[217]
b_flat[218]
b_flat[219]
b_flat[21]
b_flat[220]
b_flat[221]
b_flat[222]
b_flat[223]
b_flat[224]
b_flat[225]
b_flat[226]
b_flat[227]
b_flat[228]
b_flat[229]
b_flat[22]
b_flat[230]
b_flat[231]
b_flat[232]
b_flat[233]
b_flat[234]
b_flat[235]
b_flat[236]
b_flat[237]
b_flat[238]
b_flat[239]
b_flat[23]
b_flat[240]
b_flat[241]
b_flat[242]
b_flat[243]
b_flat[244]
b_flat[245]
b_flat[246]
b_flat[247]
b_flat[248]
b_flat[249]
b_flat[24]
b_flat[250]
b_flat[251]
b_flat[252]
b_flat[253]
b_flat[254]
b_flat[255]
b_flat[25]
b_flat[26]
b_flat[27]
b_flat[28]
b_flat[29]
b_flat[2]
b_flat[30]
b_flat[31]
b_flat[32]
b_flat[33]
b_flat[34]
b_flat[35]
b_flat[36]
b_flat[37]
b_flat[38]
b_flat[39]
b_flat[3]
b_flat[40]
b_flat[41]
b_flat[42]
b_flat[43]
b_flat[44]
b_flat[45]
b_flat[46]
b_flat[47]
b_flat[48]
b_flat[49]
b_flat[4]
b_flat[50]
b_flat[51]
b_flat[52]
b_flat[53]
b_flat[54]
b_flat[55]
b_flat[56]
b_flat[57]
b_flat[58]
b_flat[59]
b_flat[5]
b_flat[60]
b_flat[61]
b_flat[62]
b_flat[63]
b_flat[64]
b_flat[65]
b_flat[66]
b_flat[67]
b_flat[68]
b_flat[69]
b_flat[6]
b_flat[70]
b_flat[71]
b_flat[72]
b_flat[73]
b_flat[74]
b_flat[75]
b_flat[76]
b_flat[77]
b_flat[78]
b_flat[79]
b_flat[7]
b_flat[80]
b_flat[81]
b_flat[82]
b_flat[83]
b_flat[84]
b_flat[85]
b_flat[86]
b_flat[87]
b_flat[88]
b_flat[89]
b_flat[8]
b_flat[90]
b_flat[91]
b_flat[92]
b_flat[93]
b_flat[94]
b_flat[95]
b_flat[96]
b_flat[97]
b_flat[98]
b_flat[99]
b_flat[9]
op_flat[0]
op_flat[10]
op_flat[11]
op_flat[12]
op_flat[13]
op_flat[14]
op_flat[15]
op_flat[16]
op_flat[17]
op_flat[18]
op_flat[19]
op_flat[1]
op_flat[20]
op_flat[21]
op_flat[22]
op_flat[23]
op_flat[24]
op_flat[25]
op_flat[26]
op_flat[27]
op_flat[28]
op_flat[29]
op_flat[2]
op_flat[30]
op_flat[31]
op_flat[32]
op_flat[33]
op_flat[34]
op_flat[35]
op_flat[36]
op_flat[37]
op_flat[38]
op_flat[39]
op_flat[3]
op_flat[40]
op_flat[41]
op_flat[42]
op_flat[43]
op_flat[44]
op_flat[45]
op_flat[46]
op_flat[47]
op_flat[48]
op_flat[49]
op_flat[4]
op_flat[50]
op_flat[51]
op_flat[52]
op_flat[53]
op_flat[54]
op_flat[55]
op_flat[56]
op_flat[57]
op_flat[58]
op_flat[59]
op_flat[5]
op_flat[60]
op_flat[61]
op_flat[62]
op_flat[63]
op_flat[64]
op_flat[65]
op_flat[66]
op_flat[67]
op_flat[68]
op_flat[69]
op_flat[6]
op_flat[70]
op_flat[71]
op_flat[72]
op_flat[73]
op_flat[74]
op_flat[75]
op_flat[76]
op_flat[77]
op_flat[78]
op_flat[79]
op_flat[7]
op_flat[80]
op_flat[81]
op_flat[82]
op_flat[83]
op_flat[84]
op_flat[85]
op_flat[86]
op_flat[87]
op_flat[88]
op_flat[89]
op_flat[8]
op_flat[90]
op_flat[91]
op_flat[92]
op_flat[93]
op_flat[94]
op_flat[95]
op_flat[9]
rst

 There are 0 input ports with no input delay but user has a false path constraint.


6. checking no_output_delay (320)
---------------------------------
 There are 320 ports with no output delay specified. (HIGH)

carry_out_flat[0]
carry_out_flat[10]
carry_out_flat[11]
carry_out_flat[12]
carry_out_flat[13]
carry_out_flat[14]
carry_out_flat[15]
carry_out_flat[16]
carry_out_flat[17]
carry_out_flat[18]
carry_out_flat[19]
carry_out_flat[1]
carry_out_flat[20]
carry_out_flat[21]
carry_out_flat[22]
carry_out_flat[23]
carry_out_flat[24]
carry_out_flat[25]
carry_out_flat[26]
carry_out_flat[27]
carry_out_flat[28]
carry_out_flat[29]
carry_out_flat[2]
carry_out_flat[30]
carry_out_flat[31]
carry_out_flat[3]
carry_out_flat[4]
carry_out_flat[5]
carry_out_flat[6]
carry_out_flat[7]
carry_out_flat[8]
carry_out_flat[9]
result_flat[0]
result_flat[100]
result_flat[101]
result_flat[102]
result_flat[103]
result_flat[104]
result_flat[105]
result_flat[106]
result_flat[107]
result_flat[108]
result_flat[109]
result_flat[10]
result_flat[110]
result_flat[111]
result_flat[112]
result_flat[113]
result_flat[114]
result_flat[115]
result_flat[116]
result_flat[117]
result_flat[118]
result_flat[119]
result_flat[11]
result_flat[120]
result_flat[121]
result_flat[122]
result_flat[123]
result_flat[124]
result_flat[125]
result_flat[126]
result_flat[127]
result_flat[128]
result_flat[129]
result_flat[12]
result_flat[130]
result_flat[131]
result_flat[132]
result_flat[133]
result_flat[134]
result_flat[135]
result_flat[136]
result_flat[137]
result_flat[138]
result_flat[139]
result_flat[13]
result_flat[140]
result_flat[141]
result_flat[142]
result_flat[143]
result_flat[144]
result_flat[145]
result_flat[146]
result_flat[147]
result_flat[148]
result_flat[149]
result_flat[14]
result_flat[150]
result_flat[151]
result_flat[152]
result_flat[153]
result_flat[154]
result_flat[155]
result_flat[156]
result_flat[157]
result_flat[158]
result_flat[159]
result_flat[15]
result_flat[160]
result_flat[161]
result_flat[162]
result_flat[163]
result_flat[164]
result_flat[165]
result_flat[166]
result_flat[167]
result_flat[168]
result_flat[169]
result_flat[16]
result_flat[170]
result_flat[171]
result_flat[172]
result_flat[173]
result_flat[174]
result_flat[175]
result_flat[176]
result_flat[177]
result_flat[178]
result_flat[179]
result_flat[17]
result_flat[180]
result_flat[181]
result_flat[182]
result_flat[183]
result_flat[184]
result_flat[185]
result_flat[186]
result_flat[187]
result_flat[188]
result_flat[189]
result_flat[18]
result_flat[190]
result_flat[191]
result_flat[192]
result_flat[193]
result_flat[194]
result_flat[195]
result_flat[196]
result_flat[197]
result_flat[198]
result_flat[199]
result_flat[19]
result_flat[1]
result_flat[200]
result_flat[201]
result_flat[202]
result_flat[203]
result_flat[204]
result_flat[205]
result_flat[206]
result_flat[207]
result_flat[208]
result_flat[209]
result_flat[20]
result_flat[210]
result_flat[211]
result_flat[212]
result_flat[213]
result_flat[214]
result_flat[215]
result_flat[216]
result_flat[217]
result_flat[218]
result_flat[219]
result_flat[21]
result_flat[220]
result_flat[221]
result_flat[222]
result_flat[223]
result_flat[224]
result_flat[225]
result_flat[226]
result_flat[227]
result_flat[228]
result_flat[229]
result_flat[22]
result_flat[230]
result_flat[231]
result_flat[232]
result_flat[233]
result_flat[234]
result_flat[235]
result_flat[236]
result_flat[237]
result_flat[238]
result_flat[239]
result_flat[23]
result_flat[240]
result_flat[241]
result_flat[242]
result_flat[243]
result_flat[244]
result_flat[245]
result_flat[246]
result_flat[247]
result_flat[248]
result_flat[249]
result_flat[24]
result_flat[250]
result_flat[251]
result_flat[252]
result_flat[253]
result_flat[254]
result_flat[255]
result_flat[25]
result_flat[26]
result_flat[27]
result_flat[28]
result_flat[29]
result_flat[2]
result_flat[30]
result_flat[31]
result_flat[32]
result_flat[33]
result_flat[34]
result_flat[35]
result_flat[36]
result_flat[37]
result_flat[38]
result_flat[39]
result_flat[3]
result_flat[40]
result_flat[41]
result_flat[42]
result_flat[43]
result_flat[44]
result_flat[45]
result_flat[46]
result_flat[47]
result_flat[48]
result_flat[49]
result_flat[4]
result_flat[50]
result_flat[51]
result_flat[52]
result_flat[53]
result_flat[54]
result_flat[55]
result_flat[56]
result_flat[57]
result_flat[58]
result_flat[59]
result_flat[5]
result_flat[60]
result_flat[61]
result_flat[62]
result_flat[63]
result_flat[64]
result_flat[65]
result_flat[66]
result_flat[67]
result_flat[68]
result_flat[69]
result_flat[6]
result_flat[70]
result_flat[71]
result_flat[72]
result_flat[73]
result_flat[74]
result_flat[75]
result_flat[76]
result_flat[77]
result_flat[78]
result_flat[79]
result_flat[7]
result_flat[80]
result_flat[81]
result_flat[82]
result_flat[83]
result_flat[84]
result_flat[85]
result_flat[86]
result_flat[87]
result_flat[88]
result_flat[89]
result_flat[8]
result_flat[90]
result_flat[91]
result_flat[92]
result_flat[93]
result_flat[94]
result_flat[95]
result_flat[96]
result_flat[97]
result_flat[98]
result_flat[99]
result_flat[9]
zero_flat[0]
zero_flat[10]
zero_flat[11]
zero_flat[12]
zero_flat[13]
zero_flat[14]
zero_flat[15]
zero_flat[16]
zero_flat[17]
zero_flat[18]
zero_flat[19]
zero_flat[1]
zero_flat[20]
zero_flat[21]
zero_flat[22]
zero_flat[23]
zero_flat[24]
zero_flat[25]
zero_flat[26]
zero_flat[27]
zero_flat[28]
zero_flat[29]
zero_flat[2]
zero_flat[30]
zero_flat[31]
zero_flat[3]
zero_flat[4]
zero_flat[5]
zero_flat[6]
zero_flat[7]
zero_flat[8]
zero_flat[9]

 There are 0 ports with no output delay but user has a false path constraint

 There are 0 ports with no output delay but with a timing clock defined on it or propagating through it


7. checking multiple_clock (0)
------------------------------
 There are 0 register/latch pins with multiple clocks.


8. checking generated_clocks (0)
--------------------------------
 There are 0 generated clocks that are not connected to a clock source.


9. checking loops (0)
---------------------
 There are 0 combinational loops in the design.


10. checking partial_input_delay (0)
------------------------------------
 There are 0 input ports with partial input delay specified.


11. checking partial_output_delay (0)
-------------------------------------
 There are 0 ports with partial output delay specified.


12. checking latch_loops (0)
----------------------------
 There are 0 combinational latch loops in the design through latch input



------------------------------------------------------------------------------------------------
| Design Timing Summary
| ---------------------
------------------------------------------------------------------------------------------------

    WNS(ns)      TNS(ns)  TNS Failing Endpoints  TNS Total Endpoints     WPWS(ns)     TPWS(ns)  TPWS Failing Endpoints  TPWS Total Endpoints  
    -------      -------  ---------------------  -------------------     --------     --------  ----------------------  --------------------  
         NA           NA                     NA                   NA        4.500        0.000                       0                   288  


All user specified timing constraints are met.


------------------------------------------------------------------------------------------------
| Clock Summary
| -------------
------------------------------------------------------------------------------------------------

Clock  Waveform(ns)       Period(ns)      Frequency(MHz)
-----  ------------       ----------      --------------
clk    {0.000 5.000}      10.000          100.000         


------------------------------------------------------------------------------------------------
| Intra Clock Table
| -----------------
------------------------------------------------------------------------------------------------

Clock             WNS(ns)      TNS(ns)  TNS Failing Endpoints  TNS Total Endpoints     WPWS(ns)     TPWS(ns)  TPWS Failing Endpoints  TPWS Total Endpoints  
-----             -------      -------  ---------------------  -------------------     --------     --------  ----------------------  --------------------  
clk                                                                                       4.500        0.000                       0                   288  


------------------------------------------------------------------------------------------------
| Inter Clock Table
| -----------------
------------------------------------------------------------------------------------------------

From Clock    To Clock          WNS(ns)      TNS(ns)  TNS Failing Endpoints  TNS Total Endpoints  
----------    --------          -------      -------  ---------------------  -------------------  


------------------------------------------------------------------------------------------------
| Other Path Groups Table
| -----------------------
------------------------------------------------------------------------------------------------

Path Group    From Clock    To Clock          WNS(ns)      TNS(ns)  TNS Failing Endpoints  TNS Total Endpoints  
----------    ----------    --------          -------      -------  ---------------------  -------------------  


------------------------------------------------------------------------------------------------
| Timing Details
| --------------
------------------------------------------------------------------------------------------------


---------------------------------------------------------------------------------------------------
From Clock:  clk
  To Clock:  clk

Setup :           NA  Failing Endpoints,  Worst Slack           NA  ,  Total Violation           NA
Hold  :           NA  Failing Endpoints,  Worst Slack           NA  ,  Total Violation           NA
PW    :            0  Failing Endpoints,  Worst Slack        4.500ns,  Total Violation        0.000ns
---------------------------------------------------------------------------------------------------


Pulse Width Checks
--------------------------------------------------------------------------------------
Clock Name:         clk
Waveform(ns):       { 0.000 5.000 }
Period(ns):         10.000
Sources:            { clk }

Check Type        Corner  Lib Pin  Reference Pin  Required(ns)  Actual(ns)  Slack(ns)  Location      Pin
Min Period        n/a     FDRE/C   n/a            1.000         10.000      9.000      SLICE_X48Y70  u_arr0/alu_inst[0].u_alu/carry_out_reg/C
Low Pulse Width   Slow    FDRE/C   n/a            0.500         5.000       4.500      SLICE_X48Y70  u_arr0/alu_inst[0].u_alu/carry_out_reg/C
High Pulse Width  Slow    FDRE/C   n/a            0.500         5.000       4.500      SLICE_X48Y70  u_arr0/alu_inst[0].u_alu/carry_out_reg/C



